// Jest Snapshot v1, https://goo.gl/fbAQLP

exports[`Pagination renders correctly 1`] = `
<ul
  class="snow-pagination"
>
  <li
    aria-disabled="true"
    aria-label="Previous"
    class="snow-pagination-item snow-pagination-prev snow-pagination-item-disabled"
    role="button"
  >
    <svg
      aria-hidden="true"
      class="lucide lucide-chevron-left"
      fill="none"
      height="24"
      stroke="currentColor"
      stroke-linecap="round"
      stroke-linejoin="round"
      stroke-width="2"
      viewBox="0 0 24 24"
      width="24"
      xmlns="http://www.w3.org/2000/svg"
    >
      <path
        d="m15 18-6-6 6-6"
      />
    </svg>
  </li>
  <li
    aria-current="page"
    aria-label="Page 1"
    class="snow-pagination-item snow-pagination-item-active"
  >
    1
  </li>
  <li
    aria-current="false"
    aria-label="Page 2"
    class="snow-pagination-item"
  >
    2
  </li>
  <li
    aria-disabled="false"
    aria-label="Next"
    class="snow-pagination-item snow-pagination-next"
    role="button"
  >
    <svg
      aria-hidden="true"
      class="lucide lucide-chevron-right"
      fill="none"
      height="24"
      stroke="currentColor"
      stroke-linecap="round"
      stroke-linejoin="round"
      stroke-width="2"
      viewBox="0 0 24 24"
      width="24"
      xmlns="http://www.w3.org/2000/svg"
    >
      <path
        d="m9 18 6-6-6-6"
      />
    </svg>
  </li>
</ul>
`;
