// Jest Snapshot v1, https://goo.gl/fbAQLP

exports[`Button renders correctly 1`] = `
<button
  class="snow-button snow-button-default"
>
  <span>
    SnowDesign
  </span>
</button>
`;
