// Jest Snapshot v1, https://goo.gl/fbAQLP

exports[`Pagination renders correctly 1`] = `
<ul
  class="snow-pagination"
>
  <!---->
  <li
    aria-disabled="true"
    aria-label="Previous"
    class="snow-pagination-item snow-pagination-prev snow-pagination-item-disabled"
    role="button"
  >
    Previous
  </li>
  
  <li
    aria-current="page"
    aria-label="Page 1"
    class="snow-pagination-item snow-pagination-item-active"
  >
    1
  </li>
  <li
    aria-current="false"
    aria-label="Page 2"
    class="snow-pagination-item"
  >
    2
  </li>
  
  <li
    aria-disabled="false"
    aria-label="Next"
    class="snow-pagination-item snow-pagination-next"
    role="button"
  >
    Next
  </li>
</ul>
`;
